controleModule.c:16:9:readRegister	32	static
controleModule.c:37:6:writeRegister	24	static
controleModule.c:51:6:multiRead	40	static
controleModule.c:63:6:multiWrite	40	static
controleModule.c:77:9:readRxPayload	24	static
controleModule.c:96:9:writeTxPayload	24	static
controleModule.c:115:9:readRxPayloadWidth	32	static
controleModule.c:140:9:writeTxPayloadAck	24	static
controleModule.c:159:9:writeTxPayloadNoAck	24	static
controleModule.c:178:9:flushTx	16	static
controleModule.c:191:9:flushRx	16	static
controleModule.c:204:6:reuseTxPayload	16	static
controleModule.c:220:9:getStatus	24	static
controleModule.c:240:9:readBit	24	static
controleModule.c:248:13:setBit	24	static
controleModule.c:257:13:resetBit	24	static
controleModule.c:266:6:powerUp	8	static
controleModule.c:273:6:powerDown	8	static
controleModule.c:280:6:csnLow	8	static
controleModule.c:287:6:csnHigh	8	static
controleModule.c:294:6:ceLow	8	static
controleModule.c:301:6:ceHigh	8	static
controleModule.c:305:6:DelayUs	16	static
