controleModule.c:12:9:readRegister	32	static
controleModule.c:55:6:writeRegister	24	static
controleModule.c:87:6:multiRead	40	static
controleModule.c:101:6:multiWrite	40	static
controleModule.c:117:9:readRxPayload	24	static
controleModule.c:136:9:writeTxPayload	24	static
controleModule.c:155:9:readRxPayloadWidth	32	static
controleModule.c:180:9:writeTxPayloadAck	24	static
controleModule.c:199:9:writeTxPayloadNoAck	24	static
controleModule.c:218:9:flushTx	16	static
controleModule.c:231:9:flushRx	16	static
controleModule.c:244:6:reuseTxPayload	16	static
controleModule.c:260:9:getStatus	24	static
controleModule.c:280:9:readBit	24	static
controleModule.c:288:6:setBit	24	static
controleModule.c:297:6:resetBit	24	static
controleModule.c:306:6:powerUp	8	static
controleModule.c:313:6:powerDown	8	static
controleModule.c:320:6:csnLow	8	static
controleModule.c:327:6:csnHigh	8	static
controleModule.c:334:6:ceLow	8	static
controleModule.c:341:6:ceHigh	8	static
controleModule.c:345:6:DelayUs	16	static
