controleModule.c:15:9:readRegister	32	static
controleModule.c:36:6:writeRegister	24	static
controleModule.c:50:6:multiRead	40	static
controleModule.c:64:6:multiWrite	40	static
controleModule.c:80:9:readRxPayload	24	static
controleModule.c:99:9:writeTxPayload	24	static
controleModule.c:118:9:readRxPayloadWidth	32	static
controleModule.c:143:9:writeTxPayloadAck	24	static
controleModule.c:162:9:writeTxPayloadNoAck	24	static
controleModule.c:181:9:flushTx	16	static
controleModule.c:194:9:flushRx	16	static
controleModule.c:207:6:reuseTxPayload	16	static
controleModule.c:223:9:getStatus	24	static
controleModule.c:243:9:readBit	24	static
controleModule.c:251:6:setBit	24	static
controleModule.c:260:6:resetBit	24	static
controleModule.c:269:6:powerUp	8	static
controleModule.c:276:6:powerDown	8	static
controleModule.c:283:6:csnLow	8	static
controleModule.c:290:6:csnHigh	8	static
controleModule.c:297:6:ceLow	8	static
controleModule.c:304:6:ceHigh	8	static
controleModule.c:308:6:DelayUs	16	static
