controleModule.c:12:9:readRegister	32	static
controleModule.c:55:6:writeRegister	24	static
controleModule.c:87:6:multiRead	40	static
controleModule.c:101:6:multiWrite	40	static
controleModule.c:117:9:readRxPayload	24	static
controleModule.c:136:9:writeTxPayload	24	static
controleModule.c:155:9:readRxPayloadWidth	24	static
controleModule.c:159:9:writeTxPayloadAck	16	static
controleModule.c:163:9:writeTxPayloadNoAck	16	static
controleModule.c:167:9:flushTx	16	static
controleModule.c:180:9:flushRx	16	static
controleModule.c:193:6:reuseTxPayload	4	static
controleModule.c:201:6:powerUp	8	static
controleModule.c:208:6:powerDown	8	static
controleModule.c:215:9:readBit	24	static
controleModule.c:223:6:setBit	24	static
controleModule.c:232:6:resetBit	24	static
controleModule.c:241:6:csnLow	8	static
controleModule.c:248:6:csnHigh	8	static
controleModule.c:255:6:ceLow	8	static
controleModule.c:262:6:ceHigh	8	static
controleModule.c:270:9:getStatus	32	static
