controleModule.c:12:9:readRegister	32	static
controleModule.c:56:6:writeRegister	24	static
controleModule.c:89:6:multiRead	40	static
controleModule.c:103:6:multiWrite	40	static
controleModule.c:123:6:powerUp	8	static
controleModule.c:130:6:powerDown	8	static
controleModule.c:137:9:readBit	24	static
controleModule.c:145:6:setBit	24	static
controleModule.c:154:6:resetBit	24	static
controleModule.c:163:6:csnLow	8	static
controleModule.c:170:6:csnHigh	8	static
controleModule.c:177:6:ceLow	8	static
controleModule.c:184:6:ceHigh	8	static
controleModule.c:192:9:getStatus	32	static
