controleModule.c:12:9:readRegister	32	static
controleModule.c:55:6:writeRegister	24	static
controleModule.c:88:6:multiRead	40	static
controleModule.c:102:6:multiWrite	40	static
controleModule.c:122:6:powerUp	8	static
controleModule.c:129:6:powerDown	8	static
controleModule.c:136:9:readBit	24	static
controleModule.c:144:6:setBit	24	static
controleModule.c:153:6:resetBit	24	static
controleModule.c:162:6:csnLow	8	static
controleModule.c:169:6:csnHigh	8	static
controleModule.c:176:6:ceLow	8	static
controleModule.c:183:6:ceHigh	8	static
controleModule.c:191:9:getStatus	32	static
