controleModule.c:12:9:readRegister	40	static
controleModule.c:57:6:writeRegister	32	static
controleModule.c:93:6:multiRead	40	static
controleModule.c:107:6:multiWrite	40	static
controleModule.c:127:6:powerUp	8	static
controleModule.c:134:6:powerDown	8	static
controleModule.c:141:9:readBit	24	static
controleModule.c:149:6:setBit	24	static
controleModule.c:158:6:resetBit	24	static
controleModule.c:167:6:csnLow	8	static
controleModule.c:174:6:csnHigh	8	static
controleModule.c:181:6:ceLow	8	static
controleModule.c:188:6:ceHigh	8	static
controleModule.c:196:9:getStatus	32	static
