highLevelModule.c:25:13:statusStrcut_Init	16	static
highLevelModule.c:36:13:settingStruct_Init	24	static
highLevelModule.c:69:13:addressStruct_Init	24	static
highLevelModule.c:88:13:fifoStruct_Init	16	static
highLevelModule.c:101:13:hardware_Init	24	static
highLevelModule.c:117:6:csnLow	16	static
highLevelModule.c:121:6:csnHigh	16	static
highLevelModule.c:125:6:ceLow	16	static
highLevelModule.c:129:6:ceHigh	16	static
highLevelModule.c:136:9:readReg	32	static
highLevelModule.c:152:6:writeReg	24	static
highLevelModule.c:166:6:readRegExt	32	static
highLevelModule.c:181:6:writeRegExt	32	static
highLevelModule.c:197:9:readRxPayload	32	static
highLevelModule.c:216:9:writeTxPayload	32	static
highLevelModule.c:235:9:readRxPayloadWidth	32	static
highLevelModule.c:260:9:writeTxPayloadAck	32	static
highLevelModule.c:279:9:writeTxPayloadNoAck	32	static
highLevelModule.c:299:9:flushTx	24	static
highLevelModule.c:316:9:flushRx	24	static
highLevelModule.c:335:6:reuseTxPayload	24	static
highLevelModule.c:345:9:getStatus	32	static
highLevelModule.c:364:6:pwrUp	24	static
highLevelModule.c:369:6:pwrDown	24	static
highLevelModule.c:375:9:readBit	24	static
highLevelModule.c:380:6:resetBit	24	static
highLevelModule.c:386:6:setBit	24	static
highLevelModule.c:393:13:delayUs	16	static
highLevelModule.c:400:14:nRF_Init	48	static
