highLevelModule.c:20:13:statusStrcut_Init	16	static
highLevelModule.c:31:13:settingStruct_Init	24	static
highLevelModule.c:64:13:addressStruct_Init	24	static
highLevelModule.c:83:13:fifoStruct_Init	16	static
highLevelModule.c:96:13:hardware_Init	24	static
highLevelModule.c:112:6:delayUs	16	static
highLevelModule.c:120:6:csnLow	16	static
highLevelModule.c:124:6:csnHigh	16	static
highLevelModule.c:128:6:ceLow	16	static
highLevelModule.c:132:6:ceHigh	16	static
highLevelModule.c:139:9:readReg	32	static
highLevelModule.c:155:6:writeReg	24	static
highLevelModule.c:169:6:readRegExt	32	static
highLevelModule.c:184:6:writeRegExt	32	static
highLevelModule.c:200:9:readRxPayload	32	static
highLevelModule.c:219:9:writeTxPayload	32	static
highLevelModule.c:238:9:readDynamicPayloadWidth	32	static
highLevelModule.c:253:9:writeTxPayloadAck	32	static
highLevelModule.c:272:9:writeTxPayloadNoAck	32	static
highLevelModule.c:292:9:flushTx	24	static
highLevelModule.c:309:9:flushRx	24	static
highLevelModule.c:328:6:reuseTxPayload	24	static
highLevelModule.c:338:9:getStatus	32	static
highLevelModule.c:357:6:pwrUp	24	static
highLevelModule.c:362:6:pwrDown	24	static
highLevelModule.c:369:9:readBit	24	static
highLevelModule.c:374:6:resetBit	24	static
highLevelModule.c:380:6:setBit	24	static
highLevelModule.c:389:14:nRF_Init	48	static
