highLevelModule.c:20:13:statusStrcut_Init	16	static
highLevelModule.c:31:13:settingStruct_Init	24	static
highLevelModule.c:64:13:addressStruct_Init	24	static
highLevelModule.c:83:13:fifoStruct_Init	16	static
highLevelModule.c:96:13:hardware_Init	24	static
highLevelModule.c:112:6:delayUs	16	static
highLevelModule.c:120:6:csnLow	16	static
highLevelModule.c:124:6:csnHigh	16	static
highLevelModule.c:128:6:ceLow	16	static
highLevelModule.c:132:6:ceHigh	16	static
highLevelModule.c:139:9:readReg	32	static
highLevelModule.c:155:6:writeReg	24	static
highLevelModule.c:169:6:readRegExt	32	static
highLevelModule.c:184:6:writeRegExt	32	static
highLevelModule.c:200:9:readRxPayload	32	static
highLevelModule.c:219:9:writeTxPayload	32	static
highLevelModule.c:238:9:readDynamicPayloadWidth	32	static
highLevelModule.c:254:9:writeTxPayloadAck	32	static
highLevelModule.c:273:9:writeTxPayloadNoAck	32	static
highLevelModule.c:293:9:flushTx	24	static
highLevelModule.c:310:9:flushRx	24	static
highLevelModule.c:329:6:reuseTxPayload	24	static
highLevelModule.c:339:9:getStatus	32	static
highLevelModule.c:358:6:pwrUp	24	static
highLevelModule.c:363:6:pwrDown	24	static
highLevelModule.c:370:9:readBit	24	static
highLevelModule.c:375:6:resetBit	24	static
highLevelModule.c:381:6:setBit	24	static
highLevelModule.c:390:14:nRF_Init	48	static
