nRF24L01.c:13:13:statusStrcut_Init	16	static
nRF24L01.c:25:13:settingStruct_Init	24	static
nRF24L01.c:60:13:addressStruct_Init	24	static
nRF24L01.c:83:13:fifoStruct_Init	16	static
nRF24L01.c:97:13:hardware_Init	24	static
nRF24L01.c:114:6:delayUs	16	static
nRF24L01.c:123:6:csnLow	16	static
nRF24L01.c:128:6:csnHigh	16	static
nRF24L01.c:133:6:ceLow	16	static
nRF24L01.c:138:6:ceHigh	16	static
nRF24L01.c:146:9:readReg	32	static
nRF24L01.c:163:6:writeReg	24	static
nRF24L01.c:178:6:readRegExt	32	static
nRF24L01.c:194:6:writeRegExt	32	static
nRF24L01.c:211:9:readRxPayload	32	static
nRF24L01.c:231:9:writeTxPayload	32	static
nRF24L01.c:251:9:readDynamicPayloadWidth	32	static
nRF24L01.c:268:9:writeTxPayloadAck	32	static
nRF24L01.c:288:9:writeTxPayloadNoAck	32	static
nRF24L01.c:309:9:flushTx	24	static
nRF24L01.c:328:9:flushRx	24	static
nRF24L01.c:349:6:reuseTxPayload	24	static
nRF24L01.c:360:9:getStatus	32	static
nRF24L01.c:378:6:pwrUp	24	static
nRF24L01.c:384:6:pwrDown	24	static
nRF24L01.c:392:9:readBit	24	static
nRF24L01.c:398:6:resetBit	24	static
nRF24L01.c:405:6:setBit	24	static
nRF24L01.c:413:14:nRF_Init	48	static
nRF24L01.c:470:9:sendPayload	24	static
nRF24L01.c:498:9:checkReceivedPayload	16	static
nRF24L01.c:516:6:modeRX	16	static
nRF24L01.c:538:6:modeTX	16	static
nRF24L01.c:560:6:modeStandby	16	static
nRF24L01.c:567:6:disableRXinterrupt	16	static
nRF24L01.c:572:6:disableTXinterrupt	16	static
nRF24L01.c:577:6:disableMaxRTinterrupt	16	static
nRF24L01.c:583:6:enableRXinterrupt	16	static
nRF24L01.c:588:6:enableTXinterrupt	16	static
nRF24L01.c:593:6:enableRTinterrupt	16	static
nRF24L01.c:599:6:clearRX_DR	16	static
nRF24L01.c:604:6:clearTX_DS	16	static
nRF24L01.c:609:6:clearMAX_RT	16	static
nRF24L01.c:614:6:clearIrqFlags	16	static
nRF24L01.c:622:9:getRX_DR	16	static
nRF24L01.c:628:9:getTX_DS	16	static
nRF24L01.c:634:9:getMAX_RT	16	static
nRF24L01.c:640:6:enableCRC	16	static
nRF24L01.c:646:6:disableCRC	16	static
nRF24L01.c:652:6:setCRC	16	static
nRF24L01.c:667:9:checkPipe	16	static
nRF24L01.c:673:9:enableAutoAckPipe	16	static
nRF24L01.c:683:9:disableAutoAckPipe	16	static
nRF24L01.c:695:9:enableRxAddr	16	static
nRF24L01.c:705:9:disableRxAddr	16	static
nRF24L01.c:717:6:setAddrWidth	16	static
nRF24L01.c:724:9:setAutoRetrCount	24	static
nRF24L01.c:738:9:setAutoRetrDelay	24	static
nRF24L01.c:757:9:setChannel	16	static
nRF24L01.c:772:6:enableContCarrier	16	static
nRF24L01.c:776:6:disableContCarrier	16	static
nRF24L01.c:780:6:enableLockPLL	16	static
nRF24L01.c:784:6:diableLockPLL	16	static
nRF24L01.c:789:9:checkRPD	16	static
nRF24L01.c:797:6:setRFpower	24	static
nRF24L01.c:809:6:setDataRate	24	static
nRF24L01.c:819:9:getStatusFullTxFIFO	16	static
nRF24L01.c:832:9:getPipeStatusRxFIFO	24	static
nRF24L01.c:857:9:lostPacketsCount	24	static
nRF24L01.c:865:9:retrPacketsCount	24	static
nRF24L01.c:873:6:clearlostPacketsCount	24	static
nRF24L01.c:887:9:setReceivePipeAddress	32	static
nRF24L01.c:959:9:setTransmitPipeAddress	32	static
nRF24L01.c:977:9:getRxPayloadWidth	24	static
nRF24L01.c:989:9:setRxPayloadWidth	24	static
nRF24L01.c:1009:9:getRxStatusFIFO	24	static
nRF24L01.c:1038:9:getTxStatusFIFO	24	static
nRF24L01.c:1070:9:getTxReuse	24	static
nRF24L01.c:1082:9:enableDynamicPayloadLengthPipe	16	static
nRF24L01.c:1093:9:disableDynamicPayloadLengthPipe	16	static
nRF24L01.c:1104:6:enableDynamicPayloadLength	16	static
nRF24L01.c:1109:6:disableDynamicPayloadLength	16	static
nRF24L01.c:1115:6:enableAckPayload	16	static
nRF24L01.c:1120:6:disableAckPayload	16	static
nRF24L01.c:1129:6:enableNoAckCommand	16	static
