settingModule.c:7:6:modeRX	8	static
settingModule.c:15:6:modeTX	8	static
settingModule.c:23:6:modeStandby	8	static
settingModule.c:28:6:disableRXinterrupt	8	static
settingModule.c:31:6:disableTXinterrupt	8	static
settingModule.c:34:6:disableRTinterrupt	8	static
settingModule.c:38:6:enableRXinterrupt	8	static
settingModule.c:41:6:enableTXinterrupt	8	static
settingModule.c:44:6:enableRTinterrupt	8	static
settingModule.c:48:6:clearRX_DR	8	static
settingModule.c:51:6:clearTX_DS	8	static
settingModule.c:54:6:clearMAX_RT	8	static
settingModule.c:60:6:enableCRC	8	static
settingModule.c:63:6:setCRC	16	static
settingModule.c:72:9:checkPipe	16	static
settingModule.c:78:9:enableAutoAckPipe	16	static
settingModule.c:85:9:disableAutoAckPipe	16	static
settingModule.c:94:9:enableRxAddr	16	static
