settingModule.c:7:6:modeRX	8	static
settingModule.c:15:6:modeTX	8	static
settingModule.c:23:6:modeStandby	8	static
settingModule.c:28:6:disableRXinterrupt	8	static
settingModule.c:31:6:disableTXinterrupt	8	static
settingModule.c:34:6:disableRTinterrupt	8	static
settingModule.c:38:6:enableRXinterrupt	8	static
settingModule.c:41:6:enableTXinterrupt	8	static
settingModule.c:44:6:enableRTinterrupt	8	static
settingModule.c:48:6:clearRX_DR	8	static
settingModule.c:51:6:clearTX_DS	8	static
settingModule.c:54:6:clearMAX_RT	8	static
settingModule.c:60:6:enableCRC	8	static
settingModule.c:63:6:setCRC	16	static
settingModule.c:72:9:checkPipe	16	static
settingModule.c:77:9:enableAutoAckPipe	16	static
settingModule.c:84:9:disableAutoAckPipe	16	static
settingModule.c:93:9:enableRxAddr	16	static
settingModule.c:100:9:disableRxAddr	16	static
settingModule.c:109:6:setAddrWidth	16	static
settingModule.c:114:9:setAutoRetrCount	24	static
settingModule.c:125:9:setAutoRetrDelay	24	static
settingModule.c:140:9:setChannel	16	static
settingModule.c:152:6:enableContCarrier	8	static
settingModule.c:155:6:disableContCarrier	8	static
settingModule.c:158:6:enableLockPLL	8	static
settingModule.c:161:6:diableLockPLL	8	static
settingModule.c:166:6:setRFpower	24	static
settingModule.c:173:6:setDataRate	24	static
settingModule.c:181:9:checkTxFIFO	8	static
settingModule.c:187:9:checkRxFIFO	16	static
settingModule.c:200:9:lostPacketsCount	16	static
settingModule.c:205:9:retrPacketsCount	16	static
settingModule.c:211:9:checkRPD	8	static
settingModule.c:220:9:setReceivePipeAddress	16	static
