settingModule.c:4:9:sendPayload	24	static
settingModule.c:18:9:checkReceivedPayload	16	static
settingModule.c:33:6:modeRX	16	static
settingModule.c:53:6:modeTX	16	static
settingModule.c:74:6:modeStandby	16	static
settingModule.c:81:6:disableRXinterrupt	16	static
settingModule.c:86:6:disableTXinterrupt	16	static
settingModule.c:91:6:disableMaxRTinterrupt	16	static
settingModule.c:97:6:enableRXinterrupt	16	static
settingModule.c:102:6:enableTXinterrupt	16	static
settingModule.c:107:6:enableRTinterrupt	16	static
settingModule.c:113:6:clearRX_DR	16	static
settingModule.c:118:6:clearTX_DS	16	static
settingModule.c:123:6:clearMAX_RT	16	static
settingModule.c:129:9:getRX_DR	16	static
settingModule.c:134:9:getTX_DS	16	static
settingModule.c:140:6:enableCRC	16	static
settingModule.c:146:6:disableCRC	16	static
settingModule.c:151:6:setCRC	16	static
settingModule.c:166:9:checkPipe	16	static
settingModule.c:172:9:enableAutoAckPipe	16	static
settingModule.c:182:9:disableAutoAckPipe	16	static
settingModule.c:194:9:enableRxAddr	16	static
settingModule.c:204:9:disableRxAddr	16	static
settingModule.c:216:6:setAddrWidth	16	static
settingModule.c:223:9:setAutoRetrCount	24	static
settingModule.c:237:9:setAutoRetrDelay	24	static
settingModule.c:256:9:setChannel	16	static
settingModule.c:271:6:enableContCarrier	16	static
settingModule.c:275:6:disableContCarrier	16	static
settingModule.c:279:6:enableLockPLL	16	static
settingModule.c:283:6:diableLockPLL	16	static
settingModule.c:288:9:checkRPD	16	static
settingModule.c:296:6:setRFpower	24	static
settingModule.c:309:6:setDataRate	24	static
settingModule.c:319:9:getStatusFullTxFIFO	16	static
settingModule.c:331:9:getPipeStatusRxFIFO	24	static
settingModule.c:353:9:lostPacketsCount	24	static
settingModule.c:361:9:retrPacketsCount	24	static
settingModule.c:369:6:clearlostPacketsCount	24	static
settingModule.c:382:9:setReceivePipeAddress	32	static
settingModule.c:444:9:setTransmitPipeAddress	32	static
settingModule.c:460:9:getRxPayloadWidth	24	static
settingModule.c:471:9:setRxPayloadWidth	24	static
settingModule.c:490:9:getRxStatusFIFO	24	static
settingModule.c:519:9:getTxStatusFIFO	24	static
settingModule.c:551:9:getTxReuse	24	static
settingModule.c:563:9:enableDynamicPayloadLengthPipe	16	static
settingModule.c:574:9:disableDynamicPayloadLengthPipe	16	static
settingModule.c:585:6:enableDynamicPayloadLength	16	static
settingModule.c:590:6:disableDynamicPayloadLength	16	static
settingModule.c:596:6:enableAckPayload	16	static
settingModule.c:602:6:disableAckPayload	16	static
settingModule.c:611:6:enableNoAckCommand	16	static
