settingModule.c:4:9:checkReceivedPayload	16	static
settingModule.c:15:6:modeRX	24	static
settingModule.c:40:6:modeTX	24	static
settingModule.c:65:6:modeStandby	16	static
settingModule.c:72:6:disableRXinterrupt	16	static
settingModule.c:77:6:disableTXinterrupt	16	static
settingModule.c:82:6:disableMaxRTinterrupt	16	static
settingModule.c:88:6:enableRXinterrupt	16	static
settingModule.c:93:6:enableTXinterrupt	16	static
settingModule.c:98:6:enableRTinterrupt	16	static
settingModule.c:104:6:clearRX_DR	16	static
settingModule.c:109:6:clearTX_DS	16	static
settingModule.c:114:6:clearMAX_RT	16	static
settingModule.c:121:6:enableCRC	16	static
settingModule.c:127:6:disableCRC	16	static
settingModule.c:132:6:setCRC	16	static
settingModule.c:147:9:checkPipe	16	static
settingModule.c:153:9:enableAutoAckPipe	16	static
settingModule.c:163:9:disableAutoAckPipe	16	static
settingModule.c:175:9:enableRxAddr	16	static
settingModule.c:185:9:disableRxAddr	16	static
settingModule.c:197:6:setAddrWidth	16	static
settingModule.c:204:9:setAutoRetrCount	24	static
settingModule.c:218:9:setAutoRetrDelay	24	static
settingModule.c:237:9:setChannel	16	static
settingModule.c:252:6:enableContCarrier	16	static
settingModule.c:256:6:disableContCarrier	16	static
settingModule.c:260:6:enableLockPLL	16	static
settingModule.c:264:6:diableLockPLL	16	static
settingModule.c:269:9:checkRPD	16	static
settingModule.c:277:6:setRFpower	24	static
settingModule.c:290:6:setDataRate	24	static
settingModule.c:300:9:getStatusFullTxFIFO	16	static
settingModule.c:312:9:getPipeStatusRxFIFO	24	static
settingModule.c:334:9:lostPacketsCount	24	static
settingModule.c:342:9:retrPacketsCount	24	static
settingModule.c:361:9:setReceivePipeAddress	32	static
settingModule.c:423:9:setTransmitPipeAddress	32	static
settingModule.c:450:9:getRxPayloadWidth	24	static
settingModule.c:459:9:setRxPayloadWidth	24	static
settingModule.c:478:9:getRxStatusFIFO	24	static
settingModule.c:507:9:getTxStatusFIFO	24	static
settingModule.c:530:9:getTxReuse	24	static
settingModule.c:542:9:enableDynamicPayloadLengthPipe	16	static
settingModule.c:553:9:disableDynamicPayloadLengthPipe	16	static
settingModule.c:564:6:enableDynamicPayloadLength	16	static
settingModule.c:568:6:disableDynamicPayloadLength	16	static
settingModule.c:573:6:enableAckPayload	16	static
settingModule.c:577:6:disableAckPayload	16	static
settingModule.c:585:6:enableDynamicAck	16	static
