settingModule.c:10:6:modeRX	8	static
settingModule.c:19:6:modeTX	8	static
settingModule.c:28:6:modeStandby	8	static
settingModule.c:34:6:disableRXinterrupt	8	static
settingModule.c:38:6:disableTXinterrupt	8	static
settingModule.c:42:6:disableRTinterrupt	8	static
settingModule.c:47:6:enableRXinterrupt	8	static
settingModule.c:51:6:enableTXinterrupt	8	static
settingModule.c:55:6:enableRTinterrupt	8	static
settingModule.c:60:6:clearRX_DR	8	static
settingModule.c:64:6:clearTX_DS	8	static
settingModule.c:68:6:clearMAX_RT	8	static
settingModule.c:74:6:enableCRC	8	static
settingModule.c:78:6:setCRC	16	static
settingModule.c:91:9:checkPipe	16	static
settingModule.c:97:9:enableAutoAckPipe	16	static
settingModule.c:106:9:disableAutoAckPipe	16	static
settingModule.c:117:9:enableRxAddr	16	static
settingModule.c:126:9:disableRxAddr	16	static
settingModule.c:137:6:setAddrWidth	16	static
settingModule.c:143:9:setAutoRetrCount	24	static
settingModule.c:156:9:setAutoRetrDelay	24	static
settingModule.c:174:9:setChannel	16	static
settingModule.c:188:6:enableContCarrier	8	static
settingModule.c:192:6:disableContCarrier	8	static
settingModule.c:196:6:enableLockPLL	8	static
settingModule.c:200:6:diableLockPLL	8	static
settingModule.c:205:6:setRFpower	24	static
settingModule.c:217:6:setDataRate	24	static
settingModule.c:229:9:getStatusFullTxFIFO	8	static
settingModule.c:238:9:getPipeStatusRxFIFO	16	static
settingModule.c:253:9:lostPacketsCount	16	static
settingModule.c:259:9:retrPacketsCount	16	static
settingModule.c:266:9:checkRPD	8	static
settingModule.c:283:9:setReceivePipeAddress	32	static
settingModule.c:303:9:setTransmitPipeAddress	16	static
settingModule.c:314:9:getRxPayloadWidth	24	static
settingModule.c:323:9:setRxPayload	24	static
settingModule.c:342:9:getRxStatusFIFO	16	static
settingModule.c:362:9:getTxStatusFIFO	16	static
settingModule.c:385:9:getTxReuse	16	static
settingModule.c:396:9:enableDynamicPayloadLengthPipe	16	static
settingModule.c:406:9:disableDynamicPayloadLengthPipe	16	static
settingModule.c:416:6:enableDynamicPayloadLength	8	static
settingModule.c:420:6:disableDynamicPayloadLength	8	static
settingModule.c:425:6:enableAckPayload	8	static
settingModule.c:429:6:disableAckPayload	8	static
settingModule.c:437:6:enableDynamicAck	8	static
