settingModule.c:7:6:modeRX	8	static
settingModule.c:16:6:modeTX	8	static
settingModule.c:25:6:modeStandby	8	static
settingModule.c:31:6:disableRXinterrupt	8	static
settingModule.c:35:6:disableTXinterrupt	8	static
settingModule.c:39:6:disableRTinterrupt	8	static
settingModule.c:44:6:enableRXinterrupt	8	static
settingModule.c:48:6:enableTXinterrupt	8	static
settingModule.c:52:6:enableRTinterrupt	8	static
settingModule.c:57:6:clearRX_DR	8	static
settingModule.c:61:6:clearTX_DS	8	static
settingModule.c:65:6:clearMAX_RT	8	static
settingModule.c:71:6:enableCRC	8	static
settingModule.c:75:6:setCRC	16	static
settingModule.c:88:9:checkPipe	16	static
settingModule.c:94:9:enableAutoAckPipe	16	static
settingModule.c:103:9:disableAutoAckPipe	16	static
settingModule.c:114:9:enableRxAddr	16	static
settingModule.c:123:9:disableRxAddr	16	static
settingModule.c:134:6:setAddrWidth	16	static
settingModule.c:140:9:setAutoRetrCount	24	static
settingModule.c:153:9:setAutoRetrDelay	24	static
settingModule.c:171:9:setChannel	16	static
settingModule.c:185:6:enableContCarrier	8	static
settingModule.c:189:6:disableContCarrier	8	static
settingModule.c:193:6:enableLockPLL	8	static
settingModule.c:197:6:diableLockPLL	8	static
settingModule.c:202:6:setRFpower	24	static
settingModule.c:214:6:setDataRate	24	static
settingModule.c:226:9:getStatusFullTxFIFO	8	static
settingModule.c:235:9:getPipeStatusRxFIFO	16	static
settingModule.c:250:9:lostPacketsCount	16	static
settingModule.c:256:9:retrPacketsCount	16	static
settingModule.c:263:9:checkRPD	8	static
settingModule.c:280:9:setReceivePipeAddress	32	static
settingModule.c:300:9:setTransmitPipeAddress	16	static
settingModule.c:311:9:getRxPayloadWidth	24	static
settingModule.c:320:9:setRxPayload	24	static
settingModule.c:339:9:getRxStatusFIFO	16	static
settingModule.c:359:9:getTxStatusFIFO	16	static
settingModule.c:382:9:getTxReuse	16	static
settingModule.c:393:9:enableDynamicPayloadLengthPipe	16	static
settingModule.c:403:9:disableDynamicPayloadLengthPipe	16	static
settingModule.c:413:6:enableDynamicPayloadLength	8	static
settingModule.c:417:6:disableDynamicPayloadLength	8	static
settingModule.c:422:6:enableAckPayload	8	static
settingModule.c:426:6:disableAckPayload	8	static
settingModule.c:434:6:enableDynamicAck	8	static
