settingModule.c:12:6:modeRX	8	static
settingModule.c:21:6:modeTX	8	static
settingModule.c:30:6:modeStandby	8	static
settingModule.c:36:6:disableRXinterrupt	8	static
settingModule.c:40:6:disableTXinterrupt	8	static
settingModule.c:44:6:disableRTinterrupt	8	static
settingModule.c:49:6:enableRXinterrupt	8	static
settingModule.c:53:6:enableTXinterrupt	8	static
settingModule.c:57:6:enableRTinterrupt	8	static
settingModule.c:62:6:clearRX_DR	8	static
settingModule.c:66:6:clearTX_DS	8	static
settingModule.c:70:6:clearMAX_RT	8	static
settingModule.c:76:6:enableCRC	8	static
settingModule.c:80:6:setCRC	16	static
settingModule.c:93:9:checkPipe	16	static
settingModule.c:99:9:enableAutoAckPipe	16	static
settingModule.c:108:9:disableAutoAckPipe	16	static
settingModule.c:119:9:enableRxAddr	16	static
settingModule.c:128:9:disableRxAddr	16	static
settingModule.c:139:6:setAddrWidth	16	static
settingModule.c:145:9:setAutoRetrCount	24	static
settingModule.c:158:9:setAutoRetrDelay	24	static
settingModule.c:176:9:setChannel	16	static
settingModule.c:190:6:enableContCarrier	8	static
settingModule.c:194:6:disableContCarrier	8	static
settingModule.c:198:6:enableLockPLL	8	static
settingModule.c:202:6:diableLockPLL	8	static
settingModule.c:207:6:setRFpower	24	static
settingModule.c:219:6:setDataRate	24	static
settingModule.c:231:9:getStatusFullTxFIFO	8	static
settingModule.c:240:9:getPipeStatusRxFIFO	16	static
settingModule.c:255:9:lostPacketsCount	16	static
settingModule.c:261:9:retrPacketsCount	16	static
settingModule.c:268:9:checkRPD	8	static
settingModule.c:285:9:setReceivePipeAddress	32	static
settingModule.c:305:9:setTransmitPipeAddress	16	static
settingModule.c:316:9:getRxPayloadWidth	24	static
settingModule.c:325:9:setRxPayload	24	static
settingModule.c:344:9:getRxStatusFIFO	16	static
settingModule.c:364:9:getTxStatusFIFO	16	static
settingModule.c:387:9:getTxReuse	16	static
settingModule.c:398:9:enableDynamicPayloadLengthPipe	16	static
settingModule.c:408:9:disableDynamicPayloadLengthPipe	16	static
settingModule.c:418:6:enableDynamicPayloadLength	8	static
settingModule.c:422:6:disableDynamicPayloadLength	8	static
settingModule.c:427:6:enableAckPayload	8	static
settingModule.c:431:6:disableAckPayload	8	static
settingModule.c:439:6:enableDynamicAck	8	static
